[{"file":"a.c","directory":"/Users/swift/Code/pygmalion/tests/RemoveBadArguments","command":"clang -O0 -I."},{"file":"b.c","directory":"/Users/swift/Code/pygmalion/tests/RemoveBadArguments","command":"clang -O0 -I."},{"file":"c.c","directory":"/Users/swift/Code/pygmalion/tests/RemoveBadArguments","command":"clang -O0 -I."},{"file":"d.c","directory":"/Users/swift/Code/pygmalion/tests/RemoveBadArguments","command":"clang -O0 -I."},{"file":"e.c","directory":"/Users/swift/Code/pygmalion/tests/RemoveBadArguments","command":"clang -O0 -I."}]