[{"file":"a.c","directory":"/Users/swift/Code/pygmalion/tests/FoundTransitiveIncludes","command":"clang -O0 -I."},{"file":"c.h","directory":"/Users/swift/Code/pygmalion/tests/FoundTransitiveIncludes","command":"clang -O0 -I."},{"file":"b.h","directory":"/Users/swift/Code/pygmalion/tests/FoundTransitiveIncludes","command":"clang -O0 -I."},{"file":"b.c","directory":"/Users/swift/Code/pygmalion/tests/FoundTransitiveIncludes","command":"clang -O0 -I."},{"file":"c.c","directory":"/Users/swift/Code/pygmalion/tests/FoundTransitiveIncludes","command":"clang -O0 -I."}]